2026-04-05 01:22:38 [WARN] [audit]
test warn

2026-04-05 01:31:40 [ERROR] [vim.v.errmsg]
E31: No such mapping

2026-04-05 01:31:40 [ERROR]
Formatter failed. See :ConformInfo for details

2026-04-06 00:21:54 [ERROR] [vim.v.errmsg]
E216: No such group or event: FileExplorer *

2026-04-06 00:23:23 [ERROR] [vim.v.errmsg]
E216: No such group or event: FileExplorer *

2026-04-06 00:23:24 [ERROR] [lazy.nvim]
Failed to load `plugins.ui`

vim/loader.lua:0: /Users/yano/.config/nvim/lua/plugins/ui/statusline.lua:175: unexpected symbol near ','

# stacktrace:
  - vim/loader.lua:0
  - .config/nvim/lua/plugins/ui/init.lua:6 _in_ **mod**
  - .config/nvim/lua/config/lazy.lua:25
  - .config/nvim/lua/config/init.lua:79
  - dotfiles/nvim/init.lua:2

2026-04-06 00:23:24 [ERROR] [lazy.nvim]
Failed to load `plugins.ui.statusline`:
/Users/yano/.config/nvim/lua/plugins/ui/statusline.lua:175: unexpected symbol near ','

2026-04-06 00:23:28 [ERROR] [vim.v.errmsg]
Failed to load `plugins.ui.statusline`:
/Users/yano/.config/nvim/lua/plugins/ui/statusline.lua:175: unexpected symbol near ','

2026-04-06 00:31:40 [ERROR] [vim.v.errmsg]
E216: No such group or event: FileExplorer *

2026-04-06 00:33:38 [ERROR] [vim.v.errmsg]
Lua callback: vim/_core/editor.lua:0: CursorHold Autocommands for "*"..script nvim_exec2() called at CursorHold Autocommands for "*":0, line 1: Vim(checktime):E11: Invalid in command-line window; <CR> executes, CTRL-C quits: checktime
stack traceback:
	[C]: in function 'nvim_exec2'
	vim/_core/editor.lua: in function 'cmd'
	/Users/yano/.config/nvim/lua/config/autocmds.lua:166: in function </Users/yano/.config/nvim/lua/config/autocmds.lua:165>

2026-04-06 16:06:24 [ERROR] [vim.v.errmsg]
E216: No such group or event: FileExplorer *

2026-04-06 18:26:00 [ERROR] [vim.v.errmsg]
E216: No such group or event: FileExplorer *

2026-04-06 18:29:12 [ERROR] [vim.v.errmsg]
E31: No such mapping

2026-04-06 18:29:43 [ERROR] [vim.v.errmsg]
E492: Not an editor command: Q

2026-04-06 18:31:17 [ERROR]
Failed to open LSP client log file: /Users/yano/.local/state/nvim/lsp.log: Operation not permitted

2026-04-06 18:31:17 [ERROR]
Failed to open LSP client log file: /Users/yano/.local/state/nvim/lsp.log: Operation not permitted

2026-04-06 18:31:17 [WARN]
log: "/Users/yano/.local/state/nvim/nvim.log" not accessible, logging to: "nvim.log"

2026-04-06 18:31:17 [WARN]
log: "/Users/yano/.local/state/nvim/nvim.log" not accessible, logging to: "nvim.log"

2026-04-06 18:31:54 [ERROR] [lazy.nvim]
Failed to load `plugins.core`

...local/share/nvim/lazy/lazy.nvim/lua/lazy/core/plugin.lua:96: attempt to get length of local 'spec' (a boolean value)

# stacktrace:
  - ~/.config/nvim/lua/config/lazy.lua:25
  - ~/.config/nvim/lua/config/init.lua:79
  - init.lua:2

2026-04-06 18:31:55 [ERROR] [vim.v.errmsg]
Failed to load `plugins.core`

...local/share/nvim/lazy/lazy.nvim/lua/lazy/core/plugin.lua:96: attempt to get length of local 'spec' (a boolean value)

# stacktrace:
  - ~/.config/nvim/lua/config/lazy.lua:25
  - ~/.config/nvim/lua/config/init.lua:79
  - init.lua:2

2026-04-06 18:31:55 [WARN]
The `require('lspconfig')` "framework" is deprecated, use vim.lsp.config (see :help lspconfig-nvim-0.11) instead.
Feature will be removed in nvim-lspconfig v3.0.0

2026-04-06 18:31:55 [WARN]
stack traceback:
	.../.local/share/nvim/lazy/nvim-lspconfig/lua/lspconfig.lua:81: in function '__index'
	/Users/yano/.config/nvim/lua/plugins/core/lsp.lua:62: in function 'config'
	...local/share/nvim/lazy/lazy.nvim/lua/lazy/core/loader.lua:380: in function <...local/share/nvim/lazy/lazy.nvim/lua/lazy/core/loader.lua:378>
	[C]: in function 'xpcall'
	.../.local/share/nvim/lazy/lazy.nvim/lua/lazy/core/util.lua:135: in function 'try'
	...local/share/nvim/lazy/lazy.nvim/lua/lazy/core/loader.lua:395: in function 'config'
	...local/share/nvim/lazy/lazy.nvim/lua/lazy/core/loader.lua:362: in function '_load'
	...local/share/nvim/lazy/lazy.nvim/lua/lazy/core/loader.lua:197: in function 'load'
	...hare/nvim/lazy/lazy.nvim/lua/lazy/core/handler/event.lua:85: in function <...hare/nvim/lazy/lazy.nvim/lua/lazy/core/handler/event.lua:72>

2026-04-06 18:31:55 [ERROR] [lazy.nvim]
Failed to run `config` for nvim-treesitter

/Users/yano/.config/nvim/lua/plugins/core/treesitter.lua:38: module 'nvim-treesitter.configs' not found:
	no field package.preload['nvim-treesitter.configs']
	cache_loader: module 'nvim-treesitter.configs' not found
	cache_loader_lib: module 'nvim-treesitter.configs' not found
	no file './nvim-treesitter/configs.lua'
	no file '/usr/local/share/luajit-2.1/nvim-treesitter/configs.lua'
	no file '/usr/local/share/lua/5.1/nvim-treesitter/configs.lua'
	no file '/usr/local/share/lua/5.1/nvim-treesitter/configs/init.lua'
	no file './nvim-treesitter/configs.so'
	no file '/usr/local/lib/lua/5.1/nvim-treesitter/configs.so'
	no file '/usr/local/lib/lua/5.1/loadall.so'
	no file '/Users/yano/.local/share/nvim/lazy/blink.cmp/lua/blink/cmp/fuzzy/rust/../../../../../target/release/libnvim-treesitter/configs.dylib'
	no file '/Users/yano/.local/share/nvim/lazy/blink.cmp/lua/blink/cmp/fuzzy/rust/../../../../../target/release/nvim-treesitter/configs.dylib'
	no file './nvim-treesitter.so'
	no file '/usr/local/lib/lua/5.1/nvim-treesitter.so'
	no file '/usr/local/lib/lua/5.1/loadall.so'
	no file '/Users/yano/.local/share/nvim/lazy/blink.cmp/lua/blink/cmp/fuzzy/rust/../../../../../target/release/libnvim-treesitter.dylib'
	no file '/Users/yano/.local/share/nvim/lazy/blink.cmp/lua/blink/cmp/fuzzy/rust/../../../../../target/release/nvim-treesitter.dylib'

# stacktrace:
  - ~/.config/nvim/lua/plugins/core/treesitter.lua:38 _in_ **config**

2026-04-06 18:32:32 [ERROR] [lazy.nvim]
Failed to run `config` for nvim-treesitter

/Users/yano/.config/nvim/lua/plugins/core/treesitter.lua:38: module 'nvim-treesitter.configs' not found:
	no field package.preload['nvim-treesitter.configs']
	cache_loader: module 'nvim-treesitter.configs' not found
	cache_loader_lib: module 'nvim-treesitter.configs' not found
	no file './nvim-treesitter/configs.lua'
	no file '/usr/local/share/luajit-2.1/nvim-treesitter/configs.lua'
	no file '/usr/local/share/lua/5.1/nvim-treesitter/configs.lua'
	no file '/usr/local/share/lua/5.1/nvim-treesitter/configs/init.lua'
	no file './nvim-treesitter/configs.so'
	no file '/usr/local/lib/lua/5.1/nvim-treesitter/configs.so'
	no file '/usr/local/lib/lua/5.1/loadall.so'
	no file '/Users/yano/.local/share/nvim/lazy/blink.cmp/lua/blink/cmp/fuzzy/rust/../../../../../target/release/libnvim-treesitter/configs.dylib'
	no file '/Users/yano/.local/share/nvim/lazy/blink.cmp/lua/blink/cmp/fuzzy/rust/../../../../../target/release/nvim-treesitter/configs.dylib'
	no file './nvim-treesitter.so'
	no file '/usr/local/lib/lua/5.1/nvim-treesitter.so'
	no file '/usr/local/lib/lua/5.1/loadall.so'
	no file '/Users/yano/.local/share/nvim/lazy/blink.cmp/lua/blink/cmp/fuzzy/rust/../../../../../target/release/libnvim-treesitter.dylib'
	no file '/Users/yano/.local/share/nvim/lazy/blink.cmp/lua/blink/cmp/fuzzy/rust/../../../../../target/release/nvim-treesitter.dylib'

# stacktrace:
  - ~/.config/nvim/lua/plugins/core/treesitter.lua:38 _in_ **config**
  - lua/:1

2026-04-06 18:34:19 [ERROR] [vim.v.errmsg]
E5108: Lua: [string ":lua"]:1: attempt to index field 'opts' (a function value)
stack traceback:
	[string ":lua"]:1: in main chunk

2026-04-06 18:37:49 [ERROR] [vim.v.errmsg]
E5113: Lua chunk: .../yano/.config/nvim/lua/plugins/languages/tailwindcss.lua:11: module 'blink.cmp' not found:
	no field package.preload['blink.cmp']
	no file './blink/cmp.lua'
	no file '/usr/local/share/luajit-2.1/blink/cmp.lua'
	no file '/usr/local/share/lua/5.1/blink/cmp.lua'
	no file '/usr/local/share/lua/5.1/blink/cmp/init.lua'
	no file './blink/cmp.so'
	no file '/usr/local/lib/lua/5.1/blink/cmp.so'
	no file '/usr/local/lib/lua/5.1/loadall.so'
	no file './blink.so'
	no file '/usr/local/lib/lua/5.1/blink.so'
	no file '/usr/local/lib/lua/5.1/loadall.so'
stack traceback:
	[C]: in function 'require'
	.../yano/.config/nvim/lua/plugins/languages/tailwindcss.lua:11: in function <.../yano/.config/nvim/lua/plugins/languages/tailwindcss.lua:10>
	.../yano/.config/nvim/lua/plugins/languages/tailwindcss.lua:19: in main chunk
	[C]: in function 'require'
	/Users/yano/.config/nvim/lua/plugins/languages/init.lua:7: in function 'merge_language_specs'
	/Users/yano/.config/nvim/lua/plugins/languages/init.lua:30: in main chunk
	[C]: in function 'require'
	/Users/yano/.config/nvim/lua/config/lazy.lua:32: in main chunk
	[C]: in function 'require'
	/Users/yano/.config/nvim/lua/config/init.lua:79: in main chunk
	[C]: in function 'require'
	/Users/yano/dotfiles/nvim/init.lua:2: in main chunk

2026-04-06 18:37:49 [ERROR] [vim.v.errmsg]
E5113: Lua chunk: .../yano/.config/nvim/lua/plugins/languages/tailwindcss.lua:11: module 'blink.cmp' not found:
	no field package.preload['blink.cmp']
	no file './blink/cmp.lua'
	no file '/usr/local/share/luajit-2.1/blink/cmp.lua'
	no file '/usr/local/share/lua/5.1/blink/cmp.lua'
	no file '/usr/local/share/lua/5.1/blink/cmp/init.lua'
	no file './blink/cmp.so'
	no file '/usr/local/lib/lua/5.1/blink/cmp.so'
	no file '/usr/local/lib/lua/5.1/loadall.so'
	no file './blink.so'
	no file '/usr/local/lib/lua/5.1/blink.so'
	no file '/usr/local/lib/lua/5.1/loadall.so'
stack traceback:
	[C]: in function 'require'
	.../yano/.config/nvim/lua/plugins/languages/tailwindcss.lua:11: in function <.../yano/.config/nvim/lua/plugins/languages/tailwindcss.lua:10>
	.../yano/.config/nvim/lua/plugins/languages/tailwindcss.lua:19: in main chunk
	[C]: in function 'require'
	/Users/yano/.config/nvim/lua/plugins/languages/init.lua:7: in function 'merge_language_specs'
	/Users/yano/.config/nvim/lua/plugins/languages/init.lua:30: in main chunk
	[C]: in function 'require'
	/Users/yano/.config/nvim/lua/config/lazy.lua:32: in main chunk
	[C]: in function 'require'
	/Users/yano/.config/nvim/lua/config/init.lua:79: in main chunk
	[C]: in function 'require'
	/Users/yano/dotfiles/nvim/init.lua:2: in main chunk

2026-04-06 18:41:13 [ERROR] [vim.v.errmsg]
E31: No such mapping

2026-04-06 18:41:13 [ERROR]
Formatter failed. See :ConformInfo for details

2026-04-06 20:21:11 [ERROR] [vim.v.errmsg]
E216: No such group or event: FileExplorer *

2026-04-06 23:12:34 [ERROR] [vim.v.errmsg]
Lua callback: ...no/.local/share/nvim/lazy/snacks.nvim/lua/snacks/win.lua:491: ...e/nvim/lazy/snacks.nvim/lua/snacks/picker/core/input.lua:55: Invalid 'name': Expected Lua string
stack traceback:
	[C]: in function 'error'
	...no/.local/share/nvim/lazy/snacks.nvim/lua/snacks/win.lua:491: in function <...no/.local/share/nvim/lazy/snacks.nvim/lua/snacks/win.lua:487>

2026-04-07 00:46:09 [ERROR] [vim.v.errmsg]
E354: Invalid register name: '^@'

2026-04-07 01:23:54 [ERROR] [vim.v.errmsg]
E31: No such mapping

