--- Startup times for process: Primary (or UI client) ---

times in msec
 clock   self+sourced   self:  sourced script
 clock   elapsed:              other lines

000.001  000.001: --- NVIM STARTING ---
000.177  000.176: event init
000.389  000.212: early init
001.123  000.734: locale set
001.193  000.070: init first window
001.950  000.757: inits 1
001.964  000.014: window checked
001.971  000.007: parsing arguments
002.815  000.078  000.078: require('vim._core.shared')
002.944  000.005  000.005: require('string.buffer')
002.990  000.081  000.076: require('vim.inspect')
003.073  000.070  000.070: require('vim._core.options')
003.076  000.256  000.105: require('vim._core.editor')
003.149  000.071  000.071: require('vim._core.system')
003.151  000.478  000.073: require('vim._init_packages')
003.154  000.705: init lua interpreter
007.329  004.175: nvim_ui_attach
007.903  000.574: nvim_set_client_info
007.906  000.003: --- NVIM STARTED ---

--- Startup times for process: Embedded ---

times in msec
 clock   self+sourced   self:  sourced script
 clock   elapsed:              other lines

000.001  000.001: --- NVIM STARTING ---
000.155  000.154: event init
000.349  000.194: early init
001.073  000.724: locale set
001.145  000.072: init first window
001.847  000.702: inits 1
001.869  000.022: window checked
001.876  000.008: parsing arguments
002.713  000.078  000.078: require('vim._core.shared')
002.840  000.005  000.005: require('string.buffer')
002.885  000.079  000.074: require('vim.inspect')
002.966  000.068  000.068: require('vim._core.options')
002.969  000.251  000.104: require('vim._core.editor')
003.053  000.082  000.082: require('vim._core.system')
003.056  000.477  000.067: require('vim._init_packages')
003.058  000.705: init lua interpreter
005.965  002.906: expanding arguments
006.005  000.040: inits 2
006.423  000.418: init highlight
006.425  000.002: waiting for UI
006.795  000.370: done waiting for UI
006.814  000.019: clear screen
007.085  000.029  000.029: require('vim.keymap')
008.641  000.300  000.300: sourcing nvim_exec2()
008.710  000.020  000.020: require('vim._core.log')
016.081  009.258  008.909: require('vim._core.defaults')
016.087  000.014: init default mappings & autocommands
017.264  000.117  000.117: sourcing /usr/local/Cellar/neovim/0.12.0/share/nvim/runtime/ftplugin.vim
017.469  000.050  000.050: sourcing /usr/local/Cellar/neovim/0.12.0/share/nvim/runtime/indent.vim
021.200  000.010  000.010: require('vim.F')
021.282  002.621  002.610: require('vim.diagnostic')
021.298  003.079  000.458: require('config.globals')
023.109  001.284  001.284: require('lazy')
023.178  000.041  000.041: require('ffi')
023.290  000.067  000.067: require('vim.fs')
023.716  000.420  000.420: require('vim.uri')
023.749  000.567  000.080: require('vim.loader')
024.239  000.442  000.442: require('lazy.stats')
024.735  000.395  000.395: require('lazy.core.util')
025.166  000.427  000.427: require('lazy.core.config')
025.980  000.438  000.438: require('lazy.core.handler')
027.184  000.451  000.451: require('lazy.pkg')
027.192  000.754  000.303: require('lazy.core.meta')
027.200  001.212  000.457: require('lazy.core.plugin')
027.209  002.039  000.389: require('lazy.core.loader')
028.678  000.351  000.351: require('lazy.core.fragments')
030.066  000.379  000.379: require('plugins.core.completion')
030.456  000.385  000.385: require('plugins.core.lsp')
030.940  000.480  000.480: require('plugins.core.debugging')
031.465  000.520  000.520: require('plugins.core.treesitter')
034.655  000.309  000.309: require('plugins.editor.editing')
034.995  000.334  000.334: require('plugins.editor.file-management')
035.281  000.282  000.282: require('plugins.editor.git')
035.691  000.406  000.406: require('plugins.editor.navigation')
037.458  000.730  000.730: require('plugins.tools.formatting')
037.940  000.475  000.475: require('plugins.tools.testing')
038.296  000.351  000.351: require('plugins.tools.utilities')
039.882  000.282  000.282: require('plugins.languages.bashls')
040.181  000.294  000.294: require('plugins.languages.cssls')
040.456  000.270  000.270: require('plugins.languages.html')
040.742  000.282  000.282: require('plugins.languages.go')
041.109  000.363  000.363: require('plugins.languages.jsonls')
041.458  000.344  000.344: require('plugins.languages.lua_ls')
049.278  007.415  007.415: require('blink.cmp')
050.153  000.320  000.320: require('blink.cmp.lib.async')
050.759  000.309  000.309: require('blink.cmp.config.utils')
051.039  000.275  000.275: require('blink.cmp.config.keymap')
051.586  000.269  000.269: require('blink.cmp.config.completion.keyword')
051.866  000.276  000.276: require('blink.cmp.config.completion.trigger')
052.141  000.271  000.271: require('blink.cmp.config.completion.list')
052.483  000.338  000.338: require('blink.cmp.config.completion.accept')
052.920  000.433  000.433: require('blink.cmp.config.completion.menu')
053.329  000.405  000.405: require('blink.cmp.config.completion.documentation')
053.789  000.455  000.455: require('blink.cmp.config.completion.ghost_text')
053.793  002.750  000.304: require('blink.cmp.config.completion')
054.215  000.419  000.419: require('blink.cmp.config.fuzzy')
054.595  000.376  000.376: require('blink.cmp.config.sources')
054.991  000.392  000.392: require('blink.cmp.config.signature')
055.344  000.349  000.349: require('blink.cmp.config.snippets')
055.712  000.363  000.363: require('blink.cmp.config.appearance')
056.069  000.353  000.353: require('blink.cmp.config.modes.cmdline')
056.368  000.294  000.294: require('blink.cmp.config.modes.term')
056.374  006.216  000.336: require('blink.cmp.config')
056.703  000.326  000.326: require('blink.cmp.lib.utils')
056.998  000.291  000.291: require('blink.cmp.lib.event_emitter')
057.012  007.726  000.573: require('blink.cmp.sources.lib')
057.059  015.597  000.456: require('plugins.languages.tailwindcss')
057.335  000.272  000.272: require('plugins.languages.svelte')
057.646  000.307  000.307: require('plugins.languages.typescript')
060.114  000.391  000.391: require('plugins.ui.colorscheme')
060.523  000.404  000.404: require('plugins.ui.enhancement')
060.932  000.404  000.404: require('plugins.ui.interface')
061.233  000.296  000.296: require('plugins.ui.notifications')
061.595  000.358  000.358: require('plugins.ui.statusline')
065.622  000.430  000.430: require('lazy.core.handler.keys')
065.938  000.305  000.305: require('lazy.core.handler.cmd')
066.568  000.327  000.327: require('lazy.core.handler.event')
066.574  000.630  000.303: require('lazy.core.handler.ft')
069.314  000.011  000.011: sourcing nvim_exec2() called at /Users/yano/dotfiles/nvim/init.lua:0
069.368  000.004  000.004: sourcing nvim_exec2() called at /Users/yano/dotfiles/nvim/init.lua:0
069.913  000.006  000.006: sourcing nvim_exec2() called at /Users/yano/dotfiles/nvim/init.lua:0
069.975  000.003  000.003: sourcing nvim_exec2() called at /Users/yano/dotfiles/nvim/init.lua:0
070.526  000.006  000.006: sourcing nvim_exec2() called at /Users/yano/dotfiles/nvim/init.lua:0
070.585  000.003  000.003: sourcing nvim_exec2() called at /Users/yano/dotfiles/nvim/init.lua:0
071.787  000.106  000.106: sourcing nvim_exec2() called at /usr/local/Cellar/neovim/0.12.0/share/nvim/runtime/filetype.lua:0
071.794  000.555  000.448: sourcing /usr/local/Cellar/neovim/0.12.0/share/nvim/runtime/filetype.lua
071.803  000.707  000.153: sourcing nvim_exec2() called at /Users/yano/dotfiles/nvim/init.lua:0
072.648  000.057  000.057: sourcing /Users/yano/.local/share/nvim/lazy/nightfox/plugin/nightfox.vim
072.657  000.207  000.150: sourcing nvim_exec2() called at /Users/yano/dotfiles/nvim/init.lua:0
072.670  000.003  000.003: sourcing nvim_exec2() called at /Users/yano/dotfiles/nvim/init.lua:0
072.705  000.003  000.003: sourcing nvim_exec2() called at /Users/yano/dotfiles/nvim/init.lua:0
074.187  000.241  000.241: require('nightfox.lib.collect')
074.506  000.315  000.315: require('nightfox.util')
074.741  001.182  000.626: require('nightfox.config')
074.746  002.034  000.851: require('nightfox')
075.090  000.331  000.331: require('nightfox.override')
075.644  000.277  000.277: require('nightfox.lib.hash')
079.534  001.570  001.570: sourcing /Users/yano/.local/share/nvim/lazy/nightfox/colors/carbonfox.vim
079.546  003.658  002.088: sourcing nvim_exec2() called at /Users/yano/dotfiles/nvim/init.lua:0
079.671  000.006  000.006: sourcing nvim_exec2() called at /Users/yano/dotfiles/nvim/init.lua:0
079.689  000.003  000.003: sourcing nvim_exec2() called at /Users/yano/dotfiles/nvim/init.lua:0
081.082  000.641  000.641: require('snacks')
081.087  000.749  000.108: sourcing /Users/yano/.local/share/nvim/lazy/snacks.nvim/plugin/snacks.lua
081.095  000.875  000.126: sourcing nvim_exec2() called at /Users/yano/dotfiles/nvim/init.lua:0
081.109  000.005  000.005: sourcing nvim_exec2() called at /Users/yano/dotfiles/nvim/init.lua:0
081.129  000.003  000.003: sourcing nvim_exec2() called at /Users/yano/dotfiles/nvim/init.lua:0
082.544  000.093  000.093: sourcing /Users/yano/.local/share/nvim/lazy/transparent.nvim/plugin/transparent.vim
082.553  000.231  000.137: sourcing nvim_exec2() called at /Users/yano/dotfiles/nvim/init.lua:0
082.654  000.005  000.005: sourcing nvim_exec2() called at /Users/yano/dotfiles/nvim/init.lua:0
082.685  000.003  000.003: sourcing nvim_exec2() called at /Users/yano/dotfiles/nvim/init.lua:0
083.867  000.253  000.253: require('transparent.config')
084.126  000.254  000.254: require('transparent.cache')
084.217  001.473  000.966: require('transparent')
086.017  000.058  000.058: sourcing /Users/yano/.local/share/nvim/lazy/nvim-web-devicons/plugin/nvim-web-devicons.vim
086.026  000.205  000.147: sourcing nvim_exec2() called at /Users/yano/dotfiles/nvim/init.lua:0
086.039  000.003  000.003: sourcing nvim_exec2() called at /Users/yano/dotfiles/nvim/init.lua:0
086.060  000.003  000.003: sourcing nvim_exec2() called at /Users/yano/dotfiles/nvim/init.lua:0
087.168  000.304  000.304: require('nvim-web-devicons.filetypes')
087.909  000.448  000.448: require('nvim-web-devicons.default.icons_by_filename')
088.635  000.721  000.721: require('nvim-web-devicons.default.icons_by_file_extension')
089.234  000.594  000.594: require('nvim-web-devicons.default.icons_by_operating_system')
089.539  000.301  000.301: require('nvim-web-devicons.default.icons_by_desktop_environment')
089.843  000.299  000.299: require('nvim-web-devicons.default.icons_by_window_manager')
089.847  002.661  000.297: require('nvim-web-devicons.icons-default')
090.309  004.127  001.163: require('nvim-web-devicons')
094.282  000.009  000.009: sourcing nvim_exec2() called at /Users/yano/dotfiles/nvim/init.lua:0
094.309  000.003  000.003: sourcing nvim_exec2() called at /Users/yano/dotfiles/nvim/init.lua:0
094.946  000.571  000.571: require('oil')
095.362  000.411  000.411: require('oil.ringbuf')
095.756  000.389  000.389: require('oil.config')
100.606  004.471  004.471: require('vim.filetype')
102.052  000.283  000.283: require('oil.log')
102.093  000.721  000.437: require('oil.fs')
102.667  000.244  000.244: require('oil.constants')
102.689  000.593  000.349: require('oil.util')
103.777  000.591  000.591: sourcing /Users/yano/.local/share/nvim/lazy/vim-sleuth/plugin/sleuth.vim
103.787  000.744  000.152: sourcing nvim_exec2() called at /Users/yano/dotfiles/nvim/init.lua:0
103.852  000.004  000.004: sourcing nvim_exec2() called at /Users/yano/dotfiles/nvim/init.lua:0
103.891  000.003  000.003: sourcing nvim_exec2() called at /Users/yano/dotfiles/nvim/init.lua:0
104.417  000.006  000.006: sourcing nvim_exec2() called at /Users/yano/dotfiles/nvim/init.lua:0
104.434  000.003  000.003: sourcing nvim_exec2() called at /Users/yano/dotfiles/nvim/init.lua:0
106.377  000.241  000.241: require('notify.util.queue')
106.384  000.526  000.285: require('notify.util')
106.671  000.044  000.044: sourcing nvim_exec2() called at /Users/yano/dotfiles/nvim/init.lua:0
106.697  000.018  000.018: sourcing nvim_exec2() called at /Users/yano/dotfiles/nvim/init.lua:0
106.701  000.315  000.254: require('notify.config.highlights')
106.707  001.136  000.295: require('notify.config')
107.206  000.240  000.240: require('notify.stages')
107.468  000.258  000.258: require('notify.service.notification')
108.221  000.239  000.239: require('notify.animate.spring')
108.225  000.480  000.241: require('notify.animate')
108.232  000.760  000.280: require('notify.windows')
108.986  000.250  000.250: require('notify.service.buffer.highlights')
108.994  000.509  000.259: require('notify.service.buffer')
108.998  000.764  000.255: require('notify.service')
109.245  000.245  000.245: require('notify.stages.util')
109.251  002.542  000.276: require('notify.instance')
109.257  004.428  000.750: require('notify')
109.631  000.276  000.276: require('notify.stages.fade_in_slide_out')
109.666  000.013  000.013: sourcing nvim_exec2() called at /Users/yano/dotfiles/nvim/init.lua:0
109.676  000.005  000.005: sourcing nvim_exec2() called at /Users/yano/dotfiles/nvim/init.lua:0
109.767  000.005  000.005: sourcing nvim_exec2() called at /Users/yano/dotfiles/nvim/init.lua:0
109.783  000.002  000.002: sourcing nvim_exec2() called at /Users/yano/dotfiles/nvim/init.lua:0
111.764  000.240  000.240: require('nvim-highlight-colors.table_utils')
111.771  000.495  000.255: require('nvim-highlight-colors.buffer_utils')
112.051  000.278  000.278: require('nvim-highlight-colors.named-colors.css')
112.344  000.288  000.288: require('nvim-highlight-colors.named-colors.tailwind')
112.827  000.246  000.246: require('nvim-highlight-colors.color.patterns')
112.832  000.485  000.239: require('nvim-highlight-colors.color.converters')
113.077  000.242  000.242: require('nvim-highlight-colors.named-colors.ansi')
113.338  000.257  000.257: require('nvim-highlight-colors.named-colors.xterm256')
113.346  002.331  000.286: require('nvim-highlight-colors.color.utils')
113.352  002.610  000.279: require('nvim-highlight-colors.utils')
113.398  003.476  000.866: require('nvim-highlight-colors')
115.078  000.936  000.936: require('vim.lsp.protocol')
115.132  001.241  000.305: require('vim.lsp.log')
115.688  000.550  000.550: require('vim.lsp.util')
116.267  000.265  000.265: require('vim.lsp.sync')
116.278  000.584  000.319: require('vim.lsp._changetracking')
116.859  000.276  000.276: require('vim.lsp._transport')
116.872  000.008  000.008: require('vim._core.stringbuffer')
116.938  000.656  000.372: require('vim.lsp.rpc')
117.029  003.516  000.485: require('vim.lsp')
117.497  000.453  000.453: require('vim.lsp.client')
117.658  000.008  000.008: sourcing nvim_exec2() called at /Users/yano/dotfiles/nvim/init.lua:0
117.675  000.003  000.003: sourcing nvim_exec2() called at /Users/yano/dotfiles/nvim/init.lua:0
119.011  000.289  000.289: require('lualine_require')
119.605  001.919  001.630: require('lualine')
120.645  000.022  000.022: sourcing nvim_exec2() called at /Users/yano/dotfiles/nvim/init.lua:0
122.193  000.304  000.304: require('nightfox.lib.color')
122.198  000.587  000.283: require('nightfox.util.lualine')
122.697  000.248  000.248: require('nightfox.util.template')
122.702  000.501  000.254: require('nightfox.spec')
122.974  000.268  000.268: require('nightfox.palette')
123.504  000.245  000.245: require('nightfox.lib.shade')
123.617  000.637  000.391: require('nightfox.palette.carbonfox')
124.323  000.013  000.013: sourcing nvim_exec2() called at /Users/yano/dotfiles/nvim/init.lua:0
124.352  000.007  000.007: sourcing nvim_exec2() called at /Users/yano/dotfiles/nvim/init.lua:0
124.367  000.005  000.005: sourcing nvim_exec2() called at /Users/yano/dotfiles/nvim/init.lua:0
124.379  000.004  000.004: sourcing nvim_exec2() called at /Users/yano/dotfiles/nvim/init.lua:0
124.395  000.004  000.004: sourcing nvim_exec2() called at /Users/yano/dotfiles/nvim/init.lua:0
124.408  000.005  000.005: sourcing nvim_exec2() called at /Users/yano/dotfiles/nvim/init.lua:0
124.426  000.005  000.005: sourcing nvim_exec2() called at /Users/yano/dotfiles/nvim/init.lua:0
124.440  000.005  000.005: sourcing nvim_exec2() called at /Users/yano/dotfiles/nvim/init.lua:0
124.453  000.004  000.004: sourcing nvim_exec2() called at /Users/yano/dotfiles/nvim/init.lua:0
124.539  000.073  000.073: sourcing nvim_exec2() called at /Users/yano/dotfiles/nvim/init.lua:0
124.551  000.004  000.004: sourcing nvim_exec2() called at /Users/yano/dotfiles/nvim/init.lua:0
124.567  000.004  000.004: sourcing nvim_exec2() called at /Users/yano/dotfiles/nvim/init.lua:0
124.577  000.003  000.003: sourcing nvim_exec2() called at /Users/yano/dotfiles/nvim/init.lua:0
124.598  000.014  000.014: sourcing nvim_exec2() called at /Users/yano/dotfiles/nvim/init.lua:0
124.615  000.005  000.005: sourcing nvim_exec2() called at /Users/yano/dotfiles/nvim/init.lua:0
124.626  000.003  000.003: sourcing nvim_exec2() called at /Users/yano/dotfiles/nvim/init.lua:0
124.748  000.008  000.008: sourcing nvim_exec2() called at /Users/yano/dotfiles/nvim/init.lua:0
124.778  000.017  000.017: sourcing nvim_exec2() called at /Users/yano/dotfiles/nvim/init.lua:0
126.026  000.295  000.295: require('lualine.utils.mode')
128.060  000.022  000.022: sourcing nvim_exec2() called at /Users/yano/dotfiles/nvim/init.lua:0
128.079  000.008  000.008: sourcing nvim_exec2() called at /Users/yano/dotfiles/nvim/init.lua:0
128.717  000.011  000.011: sourcing nvim_exec2() called at /Users/yano/dotfiles/nvim/init.lua:0
128.747  000.006  000.006: sourcing nvim_exec2() called at /Users/yano/dotfiles/nvim/init.lua:0
128.770  000.005  000.005: sourcing nvim_exec2() called at /Users/yano/dotfiles/nvim/init.lua:0
128.785  000.005  000.005: sourcing nvim_exec2() called at /Users/yano/dotfiles/nvim/init.lua:0
128.797  000.004  000.004: sourcing nvim_exec2() called at /Users/yano/dotfiles/nvim/init.lua:0
128.814  000.004  000.004: sourcing nvim_exec2() called at /Users/yano/dotfiles/nvim/init.lua:0
128.827  000.004  000.004: sourcing nvim_exec2() called at /Users/yano/dotfiles/nvim/init.lua:0
128.849  000.005  000.005: sourcing nvim_exec2() called at /Users/yano/dotfiles/nvim/init.lua:0
128.861  000.004  000.004: sourcing nvim_exec2() called at /Users/yano/dotfiles/nvim/init.lua:0
128.952  000.007  000.007: sourcing nvim_exec2() called at /Users/yano/dotfiles/nvim/init.lua:0
128.987  000.005  000.005: sourcing nvim_exec2() called at /Users/yano/dotfiles/nvim/init.lua:0
129.059  000.007  000.007: sourcing nvim_exec2() called at /Users/yano/dotfiles/nvim/init.lua:0
129.078  000.009  000.009: sourcing nvim_exec2() called at /Users/yano/dotfiles/nvim/init.lua:0
129.091  000.004  000.004: sourcing nvim_exec2() called at /Users/yano/dotfiles/nvim/init.lua:0
129.116  000.005  000.005: sourcing nvim_exec2() called at /Users/yano/dotfiles/nvim/init.lua:0
129.128  000.004  000.004: sourcing nvim_exec2() called at /Users/yano/dotfiles/nvim/init.lua:0
129.147  000.004  000.004: sourcing nvim_exec2() called at /Users/yano/dotfiles/nvim/init.lua:0
129.160  000.004  000.004: sourcing nvim_exec2() called at /Users/yano/dotfiles/nvim/init.lua:0
129.175  000.004  000.004: sourcing nvim_exec2() called at /Users/yano/dotfiles/nvim/init.lua:0
129.186  000.004  000.004: sourcing nvim_exec2() called at /Users/yano/dotfiles/nvim/init.lua:0
129.198  000.003  000.003: sourcing nvim_exec2() called at /Users/yano/dotfiles/nvim/init.lua:0
129.510  000.021  000.021: sourcing nvim_exec2() called at /Users/yano/dotfiles/nvim/init.lua:0
129.525  000.004  000.004: sourcing nvim_exec2() called at /Users/yano/dotfiles/nvim/init.lua:0
129.535  000.005  000.005: sourcing nvim_exec2() called at /Users/yano/dotfiles/nvim/init.lua:0
129.546  000.007  000.007: sourcing nvim_exec2() called at /Users/yano/dotfiles/nvim/init.lua:0
129.694  000.018  000.018: sourcing nvim_exec2() called at /Users/yano/dotfiles/nvim/init.lua:0
129.752  000.010  000.010: sourcing nvim_exec2() called at /Users/yano/dotfiles/nvim/init.lua:0
129.789  000.031  000.031: sourcing nvim_exec2() called at /Users/yano/dotfiles/nvim/init.lua:0
129.808  000.011  000.011: sourcing nvim_exec2() called at /Users/yano/dotfiles/nvim/init.lua:0
129.821  000.007  000.007: sourcing nvim_exec2() called at /Users/yano/dotfiles/nvim/init.lua:0
129.968  000.004  000.004: sourcing nvim_exec2() called at /Users/yano/dotfiles/nvim/init.lua:0
129.987  000.002  000.002: sourcing nvim_exec2() called at /Users/yano/dotfiles/nvim/init.lua:0
131.366  001.372  001.372: require('mini.surround')
137.413  000.009  000.009: sourcing nvim_exec2() called at /Users/yano/dotfiles/nvim/init.lua:0
137.453  000.003  000.003: sourcing nvim_exec2() called at /Users/yano/dotfiles/nvim/init.lua:0
140.233  000.415  000.415: require('luasnip.util.types')
140.258  000.891  000.476: require('luasnip.util.ext_opts')
141.737  000.564  000.564: require('luasnip.util.lazy_table')
142.108  000.366  000.366: require('luasnip.extras.filetype_functions')
142.201  001.525  000.596: require('luasnip.default_config')
142.205  001.945  000.420: require('luasnip.session')
142.216  003.771  000.935: require('luasnip.config')
143.416  000.282  000.282: require('vim.version')
145.517  002.622  002.339: require('luasnip.util.vimversion')
145.528  002.902  000.281: require('luasnip.util.util')
146.094  000.250  000.250: require('luasnip.nodes.key_indexer')
146.347  000.249  000.249: require('luasnip.util.feedkeys')
146.356  000.825  000.327: require('luasnip.nodes.util')
146.882  000.257  000.257: require('luasnip.session.snippet_collection.source')
147.124  000.238  000.238: require('luasnip.util.table')
147.366  000.237  000.237: require('luasnip.util.auto_table')
147.376  001.017  000.285: require('luasnip.session.snippet_collection')
148.242  000.246  000.246: require('luasnip.util.select')
148.486  000.239  000.239: require('luasnip.util.time')
149.353  001.631  001.146: require('luasnip.util._builtin_vars')
149.448  002.070  000.438: require('luasnip.util.environ')
149.734  000.282  000.282: require('luasnip.util.extend_decorator')
150.311  000.302  000.302: require('luasnip.util.path')
150.915  000.333  000.333: require('luasnip.util.log')
150.924  000.608  000.275: require('luasnip.loaders.util')
151.176  000.249  000.249: require('luasnip.loaders.data')
151.502  000.323  000.323: require('luasnip.loaders.fs_watchers')
151.508  001.770  000.287: require('luasnip.loaders')
151.538  009.313  000.446: require('luasnip')
151.630  013.859  000.775: sourcing /Users/yano/.local/share/nvim/lazy/LuaSnip/plugin/luasnip.lua
151.643  014.006  000.148: sourcing nvim_exec2() called at /Users/yano/dotfiles/nvim/init.lua:0
151.910  000.045  000.045: sourcing /Users/yano/.local/share/nvim/lazy/LuaSnip/plugin/luasnip.vim
151.919  000.196  000.151: sourcing nvim_exec2() called at /Users/yano/dotfiles/nvim/init.lua:0
151.931  000.004  000.004: sourcing nvim_exec2() called at /Users/yano/dotfiles/nvim/init.lua:0
151.953  000.003  000.003: sourcing nvim_exec2() called at /Users/yano/dotfiles/nvim/init.lua:0
152.592  000.251  000.251: require('luasnip.session.enqueueable_operations')
153.709  000.238  000.238: require('luasnip.util.events')
153.724  000.523  000.285: require('luasnip.nodes.node')
154.026  000.299  000.299: require('luasnip.nodes.insertNode')
154.282  000.252  000.252: require('luasnip.nodes.textNode')
154.538  000.251  000.251: require('luasnip.util.mark')
154.833  000.291  000.291: require('luasnip.util.pattern_tokenizer')
155.070  000.233  000.233: require('luasnip.util.dict')
156.729  000.015  000.015: require('jsregexp.core')
156.736  000.290  000.275: require('luasnip-jsregexp')
156.759  001.447  001.156: require('luasnip.util.jsregexp')
156.763  001.688  000.241: require('luasnip.nodes.util.trig_engines')
156.837  003.963  000.426: require('luasnip.nodes.snippet')
157.690  000.325  000.325: require('luasnip.util.parser.neovim_ast')
157.961  000.266  000.266: require('luasnip.util.str')
158.221  000.254  000.254: require('luasnip.util.directed_graph')
158.228  001.112  000.268: require('luasnip.util.parser.ast_utils')
158.540  000.309  000.309: require('luasnip.nodes.functionNode')
158.843  000.299  000.299: require('luasnip.nodes.choiceNode')
159.123  000.276  000.276: require('luasnip.nodes.dynamicNode')
159.370  000.242  000.242: require('luasnip.util.functions')
159.378  002.538  000.300: require('luasnip.util.parser.ast_parser')
159.715  000.334  000.334: require('luasnip.util.parser.neovim_parser')
159.724  007.127  000.292: require('luasnip.util.parser')
159.977  000.250  000.250: require('luasnip.nodes.snippetProxy')
160.361  000.379  000.379: require('luasnip.util.jsonc')
160.886  000.244  000.244: require('luasnip.nodes.duplicate')
160.891  000.524  000.280: require('luasnip.loaders.snippet_cache')
160.902  008.942  000.411: require('luasnip.loaders.from_vscode')
170.186  000.337  000.337: require('luasnip.nodes.multiSnippet')
171.678  000.010  000.010: sourcing nvim_exec2() called at /Users/yano/dotfiles/nvim/init.lua:0
171.697  000.003  000.003: sourcing nvim_exec2() called at /Users/yano/dotfiles/nvim/init.lua:0
172.650  000.171  000.171: sourcing /Users/yano/.local/share/nvim/lazy/blink.pairs/plugin/blink-pairs.lua
172.662  000.309  000.139: sourcing nvim_exec2() called at /Users/yano/dotfiles/nvim/init.lua:0
172.675  000.004  000.004: sourcing nvim_exec2() called at /Users/yano/dotfiles/nvim/init.lua:0
172.695  000.002  000.002: sourcing nvim_exec2() called at /Users/yano/dotfiles/nvim/init.lua:0
173.033  000.140  000.140: sourcing /Users/yano/.local/share/nvim/lazy/blink.cmp/plugin/blink-cmp.lua
173.088  000.300  000.160: sourcing nvim_exec2() called at /Users/yano/dotfiles/nvim/init.lua:0
173.103  000.004  000.004: sourcing nvim_exec2() called at /Users/yano/dotfiles/nvim/init.lua:0
173.124  000.002  000.002: sourcing nvim_exec2() called at /Users/yano/dotfiles/nvim/init.lua:0
176.149  000.346  000.346: require('blink.cmp.config.modes.types')
177.661  000.279  000.279: require('blink.cmp.fuzzy.download.system')
177.767  000.669  000.390: require('blink.cmp.fuzzy.download.files')
177.771  000.933  000.265: require('blink.cmp.fuzzy.download.git')
177.780  001.307  000.374: require('blink.cmp.fuzzy.download')
182.649  001.120  001.120: require('blink.pairs')
183.297  000.254  000.254: require('blink.pairs.config.utils')
183.599  000.297  000.297: require('blink.pairs.config.mappings')
183.883  000.280  000.280: require('blink.pairs.config.highlights')
183.888  001.225  000.394: require('blink.pairs.config')
186.936  000.382  000.382: require('blink.pairs.mappings')
187.504  000.274  000.274: require('blink.pairs.utils')
187.785  000.277  000.277: require('blink.pairs.rule')
187.793  000.850  000.299: require('blink.pairs.mappings.ops')
188.655  000.396  000.396: require('blink.pairs.mappings.wrap')
189.163  000.137  000.137: sourcing /usr/local/Cellar/neovim/0.12.0/share/nvim/runtime/plugin/editorconfig.lua
189.173  000.289  000.152: sourcing nvim_exec2() called at /Users/yano/dotfiles/nvim/init.lua:0
189.441  000.142  000.142: sourcing /usr/local/Cellar/neovim/0.12.0/share/nvim/runtime/plugin/man.lua
189.450  000.266  000.124: sourcing nvim_exec2() called at /Users/yano/dotfiles/nvim/init.lua:0
189.735  000.153  000.153: sourcing /usr/local/Cellar/neovim/0.12.0/share/nvim/runtime/plugin/net.lua
189.743  000.279  000.126: sourcing nvim_exec2() called at /Users/yano/dotfiles/nvim/init.lua:0
190.003  000.133  000.133: sourcing /usr/local/Cellar/neovim/0.12.0/share/nvim/runtime/plugin/osc52.lua
190.012  000.257  000.123: sourcing nvim_exec2() called at /Users/yano/dotfiles/nvim/init.lua:0
190.399  000.258  000.258: sourcing /usr/local/Cellar/neovim/0.12.0/share/nvim/runtime/plugin/rplugin.vim
190.408  000.386  000.128: sourcing nvim_exec2() called at /Users/yano/dotfiles/nvim/init.lua:0
190.736  000.198  000.198: sourcing /usr/local/Cellar/neovim/0.12.0/share/nvim/runtime/plugin/shada.lua
190.745  000.326  000.128: sourcing nvim_exec2() called at /Users/yano/dotfiles/nvim/init.lua:0
191.038  000.141  000.141: sourcing /usr/local/Cellar/neovim/0.12.0/share/nvim/runtime/plugin/spellfile.lua
191.047  000.293  000.151: sourcing nvim_exec2() called at /Users/yano/dotfiles/nvim/init.lua:0
191.289  169.989  066.357: require('config.lazy')
197.686  000.356  000.356: sourcing nvim_exec2() called at /Users/yano/.local/share/nvim/lazy/nightfox/colors/carbonfox.vim:9
198.618  001.904  001.548: sourcing /Users/yano/.local/share/nvim/lazy/nightfox/colors/carbonfox.vim
202.026  000.032  000.032: sourcing nvim_exec2() called at ColorScheme Autocommands for "*":0
202.430  000.024  000.024: sourcing nvim_exec2() called at ColorScheme Autocommands for "*":0
203.746  000.007  000.007: sourcing nvim_exec2() called at ColorScheme Autocommands for "*":0
203.756  000.003  000.003: sourcing nvim_exec2() called at ColorScheme Autocommands for "*":0
203.772  000.003  000.003: sourcing nvim_exec2() called at ColorScheme Autocommands for "*":0
203.777  000.002  000.002: sourcing nvim_exec2() called at ColorScheme Autocommands for "*":0
203.783  000.002  000.002: sourcing nvim_exec2() called at ColorScheme Autocommands for "*":0
203.787  000.002  000.002: sourcing nvim_exec2() called at ColorScheme Autocommands for "*":0
203.792  000.002  000.002: sourcing nvim_exec2() called at ColorScheme Autocommands for "*":0
203.797  000.002  000.002: sourcing nvim_exec2() called at ColorScheme Autocommands for "*":0
203.803  000.002  000.002: sourcing nvim_exec2() called at ColorScheme Autocommands for "*":0
203.808  000.002  000.002: sourcing nvim_exec2() called at ColorScheme Autocommands for "*":0
203.813  000.002  000.002: sourcing nvim_exec2() called at ColorScheme Autocommands for "*":0
203.817  000.002  000.002: sourcing nvim_exec2() called at ColorScheme Autocommands for "*":0
203.822  000.002  000.002: sourcing nvim_exec2() called at ColorScheme Autocommands for "*":0
203.827  000.002  000.002: sourcing nvim_exec2() called at ColorScheme Autocommands for "*":0
203.833  000.002  000.002: sourcing nvim_exec2() called at ColorScheme Autocommands for "*":0
203.838  000.002  000.002: sourcing nvim_exec2() called at ColorScheme Autocommands for "*":0
203.848  000.002  000.002: sourcing nvim_exec2() called at ColorScheme Autocommands for "*":0
203.853  000.002  000.002: sourcing nvim_exec2() called at ColorScheme Autocommands for "*":0
203.858  000.002  000.002: sourcing nvim_exec2() called at ColorScheme Autocommands for "*":0
203.864  000.002  000.002: sourcing nvim_exec2() called at ColorScheme Autocommands for "*":0
203.869  000.002  000.002: sourcing nvim_exec2() called at ColorScheme Autocommands for "*":0
203.874  000.002  000.002: sourcing nvim_exec2() called at ColorScheme Autocommands for "*":0
203.879  000.002  000.002: sourcing nvim_exec2() called at ColorScheme Autocommands for "*":0
203.915  000.004  000.004: sourcing nvim_exec2() called at ColorScheme Autocommands for "*":0
203.931  000.003  000.003: sourcing nvim_exec2() called at ColorScheme Autocommands for "*":0
203.937  000.002  000.002: sourcing nvim_exec2() called at ColorScheme Autocommands for "*":0
203.942  000.002  000.002: sourcing nvim_exec2() called at ColorScheme Autocommands for "*":0
203.947  000.002  000.002: sourcing nvim_exec2() called at ColorScheme Autocommands for "*":0
203.952  000.002  000.002: sourcing nvim_exec2() called at ColorScheme Autocommands for "*":0
203.959  000.002  000.002: sourcing nvim_exec2() called at ColorScheme Autocommands for "*":0
203.964  000.002  000.002: sourcing nvim_exec2() called at ColorScheme Autocommands for "*":0
203.973  000.002  000.002: sourcing nvim_exec2() called at ColorScheme Autocommands for "*":0
203.978  000.002  000.002: sourcing nvim_exec2() called at ColorScheme Autocommands for "*":0
203.983  000.002  000.002: sourcing nvim_exec2() called at ColorScheme Autocommands for "*":0
203.989  000.002  000.002: sourcing nvim_exec2() called at ColorScheme Autocommands for "*":0
203.993  000.002  000.002: sourcing nvim_exec2() called at ColorScheme Autocommands for "*":0
203.998  000.002  000.002: sourcing nvim_exec2() called at ColorScheme Autocommands for "*":0
204.003  000.002  000.002: sourcing nvim_exec2() called at ColorScheme Autocommands for "*":0
204.034  000.006  000.006: sourcing nvim_exec2() called at ColorScheme Autocommands for "*":0
204.054  000.004  000.004: sourcing nvim_exec2() called at ColorScheme Autocommands for "*":0
204.072  000.004  000.004: sourcing nvim_exec2() called at ColorScheme Autocommands for "*":0
204.086  000.003  000.003: sourcing nvim_exec2() called at ColorScheme Autocommands for "*":0
204.100  000.003  000.003: sourcing nvim_exec2() called at ColorScheme Autocommands for "*":0
204.114  000.004  000.004: sourcing nvim_exec2() called at ColorScheme Autocommands for "*":0
204.125  000.003  000.003: sourcing nvim_exec2() called at ColorScheme Autocommands for "*":0
204.140  000.004  000.004: sourcing nvim_exec2() called at ColorScheme Autocommands for "*":0
204.150  000.003  000.003: sourcing nvim_exec2() called at ColorScheme Autocommands for "*":0
204.166  000.004  000.004: sourcing nvim_exec2() called at ColorScheme Autocommands for "*":0
204.177  000.003  000.003: sourcing nvim_exec2() called at ColorScheme Autocommands for "*":0
204.187  000.003  000.003: sourcing nvim_exec2() called at ColorScheme Autocommands for "*":0
204.203  000.003  000.003: sourcing nvim_exec2() called at ColorScheme Autocommands for "*":0
204.213  000.003  000.003: sourcing nvim_exec2() called at ColorScheme Autocommands for "*":0
204.222  000.003  000.003: sourcing nvim_exec2() called at ColorScheme Autocommands for "*":0
204.236  000.003  000.003: sourcing nvim_exec2() called at ColorScheme Autocommands for "*":0
204.297  000.005  000.005: sourcing nvim_exec2() called at ColorScheme Autocommands for "*":0
204.323  000.016  000.016: sourcing nvim_exec2() called at ColorScheme Autocommands for "*":0
204.633  000.012  000.012: sourcing nvim_exec2() called at ColorScheme Autocommands for "*":0
204.649  000.007  000.007: sourcing nvim_exec2() called at ColorScheme Autocommands for "*":0
204.867  000.008  000.008: sourcing nvim_exec2() called at ColorScheme Autocommands for "*":0
204.883  000.004  000.004: sourcing nvim_exec2() called at ColorScheme Autocommands for "*":0
204.895  000.003  000.003: sourcing nvim_exec2() called at ColorScheme Autocommands for "*":0
204.910  000.004  000.004: sourcing nvim_exec2() called at ColorScheme Autocommands for "*":0
204.922  000.003  000.003: sourcing nvim_exec2() called at ColorScheme Autocommands for "*":0
204.932  000.003  000.003: sourcing nvim_exec2() called at ColorScheme Autocommands for "*":0
204.959  000.004  000.004: sourcing nvim_exec2() called at ColorScheme Autocommands for "*":0
205.015  000.004  000.004: sourcing nvim_exec2() called at ColorScheme Autocommands for "*":0
205.031  000.004  000.004: sourcing nvim_exec2() called at ColorScheme Autocommands for "*":0
205.042  000.003  000.003: sourcing nvim_exec2() called at ColorScheme Autocommands for "*":0
205.052  000.003  000.003: sourcing nvim_exec2() called at ColorScheme Autocommands for "*":0
205.131  000.005  000.005: sourcing nvim_exec2() called at ColorScheme Autocommands for "*":0
205.145  000.004  000.004: sourcing nvim_exec2() called at ColorScheme Autocommands for "*":0
205.163  000.004  000.004: sourcing nvim_exec2() called at ColorScheme Autocommands for "*":0
205.181  000.004  000.004: sourcing nvim_exec2() called at ColorScheme Autocommands for "*":0
205.192  000.003  000.003: sourcing nvim_exec2() called at ColorScheme Autocommands for "*":0
205.212  000.004  000.004: sourcing nvim_exec2() called at ColorScheme Autocommands for "*":0
205.223  000.003  000.003: sourcing nvim_exec2() called at ColorScheme Autocommands for "*":0
205.239  000.003  000.003: sourcing nvim_exec2() called at ColorScheme Autocommands for "*":0
205.249  000.003  000.003: sourcing nvim_exec2() called at ColorScheme Autocommands for "*":0
205.263  000.003  000.003: sourcing nvim_exec2() called at ColorScheme Autocommands for "*":0
205.284  000.013  000.013: sourcing nvim_exec2() called at ColorScheme Autocommands for "*":0
205.297  000.005  000.005: sourcing nvim_exec2() called at ColorScheme Autocommands for "*":0
205.306  000.005  000.005: sourcing nvim_exec2() called at ColorScheme Autocommands for "*":0
205.316  000.006  000.006: sourcing nvim_exec2() called at ColorScheme Autocommands for "*":0
205.456  000.020  000.020: sourcing nvim_exec2() called at ColorScheme Autocommands for "*":0
205.491  000.009  000.009: sourcing nvim_exec2() called at ColorScheme Autocommands for "*":0
205.524  000.026  000.026: sourcing nvim_exec2() called at ColorScheme Autocommands for "*":0
205.541  000.010  000.010: sourcing nvim_exec2() called at ColorScheme Autocommands for "*":0
205.554  000.008  000.008: sourcing nvim_exec2() called at ColorScheme Autocommands for "*":0
205.640  014.346  012.030: require('config.options')
207.410  001.766  001.766: require('config.keymaps')
208.132  000.718  000.718: require('config.autocmds')
208.137  190.318  000.421: require('config.init')
208.140  190.388  000.070: sourcing /Users/yano/.config/nvim/init.lua
208.161  001.520: sourcing vimrc file(s)
208.602  000.107  000.107: sourcing /usr/local/Cellar/neovim/0.12.0/share/nvim/runtime/filetype.lua
209.177  000.119  000.119: sourcing /usr/local/Cellar/neovim/0.12.0/share/nvim/runtime/syntax/synload.vim
209.306  000.514  000.396: sourcing /usr/local/Cellar/neovim/0.12.0/share/nvim/runtime/syntax/syntax.vim
209.327  000.544: inits 3
210.305  000.978: reading ShaDa
211.036  000.422  000.422: require('luasnip.loaders.from_lua')
211.439  000.390  000.390: require('luasnip.loaders.from_snipmate')
214.763  002.704  002.704: require('blink_cmp_fuzzy')
214.769  003.107  000.403: require('blink.cmp.fuzzy.rust')
214.779  000.556: opening buffers
215.317  000.009  000.009: sourcing nvim_exec2() called at BufEnter Autocommands for "*":0
216.169  001.381: BufEnter autocommands
216.178  000.009: editing files in windows
220.234  000.020  000.020: sourcing nvim_exec2() called at OptionSet Autocommands for "background":0
221.234  000.007  000.007: sourcing nvim_exec2() called at OptionSet Autocommands for "background":0
221.244  000.003  000.003: sourcing nvim_exec2() called at OptionSet Autocommands for "background":0
221.249  000.002  000.002: sourcing nvim_exec2() called at OptionSet Autocommands for "background":0
221.254  000.002  000.002: sourcing nvim_exec2() called at OptionSet Autocommands for "background":0
221.259  000.002  000.002: sourcing nvim_exec2() called at OptionSet Autocommands for "background":0
221.264  000.002  000.002: sourcing nvim_exec2() called at OptionSet Autocommands for "background":0
221.269  000.002  000.002: sourcing nvim_exec2() called at OptionSet Autocommands for "background":0
221.274  000.002  000.002: sourcing nvim_exec2() called at OptionSet Autocommands for "background":0
221.280  000.002  000.002: sourcing nvim_exec2() called at OptionSet Autocommands for "background":0
221.285  000.002  000.002: sourcing nvim_exec2() called at OptionSet Autocommands for "background":0
221.289  000.002  000.002: sourcing nvim_exec2() called at OptionSet Autocommands for "background":0
221.294  000.002  000.002: sourcing nvim_exec2() called at OptionSet Autocommands for "background":0
221.299  000.002  000.002: sourcing nvim_exec2() called at OptionSet Autocommands for "background":0
221.303  000.002  000.002: sourcing nvim_exec2() called at OptionSet Autocommands for "background":0
221.308  000.002  000.002: sourcing nvim_exec2() called at OptionSet Autocommands for "background":0
221.313  000.002  000.002: sourcing nvim_exec2() called at OptionSet Autocommands for "background":0
221.319  000.002  000.002: sourcing nvim_exec2() called at OptionSet Autocommands for "background":0
221.324  000.002  000.002: sourcing nvim_exec2() called at OptionSet Autocommands for "background":0
221.329  000.002  000.002: sourcing nvim_exec2() called at OptionSet Autocommands for "background":0
221.334  000.002  000.002: sourcing nvim_exec2() called at OptionSet Autocommands for "background":0
221.339  000.002  000.002: sourcing nvim_exec2() called at OptionSet Autocommands for "background":0
221.343  000.002  000.002: sourcing nvim_exec2() called at OptionSet Autocommands for "background":0
221.348  000.002  000.002: sourcing nvim_exec2() called at OptionSet Autocommands for "background":0
221.352  000.002  000.002: sourcing nvim_exec2() called at OptionSet Autocommands for "background":0
221.358  000.002  000.002: sourcing nvim_exec2() called at OptionSet Autocommands for "background":0
221.362  000.002  000.002: sourcing nvim_exec2() called at OptionSet Autocommands for "background":0
221.372  000.002  000.002: sourcing nvim_exec2() called at OptionSet Autocommands for "background":0
221.378  000.002  000.002: sourcing nvim_exec2() called at OptionSet Autocommands for "background":0
221.382  000.002  000.002: sourcing nvim_exec2() called at OptionSet Autocommands for "background":0
221.387  000.002  000.002: sourcing nvim_exec2() called at OptionSet Autocommands for "background":0
221.391  000.002  000.002: sourcing nvim_exec2() called at OptionSet Autocommands for "background":0
221.396  000.002  000.002: sourcing nvim_exec2() called at OptionSet Autocommands for "background":0
221.402  000.002  000.002: sourcing nvim_exec2() called at OptionSet Autocommands for "background":0
221.406  000.002  000.002: sourcing nvim_exec2() called at OptionSet Autocommands for "background":0
221.411  000.002  000.002: sourcing nvim_exec2() called at OptionSet Autocommands for "background":0
221.416  000.002  000.002: sourcing nvim_exec2() called at OptionSet Autocommands for "background":0
221.420  000.002  000.002: sourcing nvim_exec2() called at OptionSet Autocommands for "background":0
221.475  000.004  000.004: sourcing nvim_exec2() called at OptionSet Autocommands for "background":0
221.507  000.006  000.006: sourcing nvim_exec2() called at OptionSet Autocommands for "background":0
221.525  000.004  000.004: sourcing nvim_exec2() called at OptionSet Autocommands for "background":0
221.546  000.004  000.004: sourcing nvim_exec2() called at OptionSet Autocommands for "background":0
221.556  000.003  000.003: sourcing nvim_exec2() called at OptionSet Autocommands for "background":0
221.567  000.003  000.003: sourcing nvim_exec2() called at OptionSet Autocommands for "background":0
221.579  000.004  000.004: sourcing nvim_exec2() called at OptionSet Autocommands for "background":0
221.590  000.003  000.003: sourcing nvim_exec2() called at OptionSet Autocommands for "background":0
221.600  000.003  000.003: sourcing nvim_exec2() called at OptionSet Autocommands for "background":0
221.624  000.003  000.003: sourcing nvim_exec2() called at OptionSet Autocommands for "background":0
221.635  000.003  000.003: sourcing nvim_exec2() called at OptionSet Autocommands for "background":0
221.648  000.003  000.003: sourcing nvim_exec2() called at OptionSet Autocommands for "background":0
221.663  000.003  000.003: sourcing nvim_exec2() called at OptionSet Autocommands for "background":0
221.674  000.003  000.003: sourcing nvim_exec2() called at OptionSet Autocommands for "background":0
221.684  000.003  000.003: sourcing nvim_exec2() called at OptionSet Autocommands for "background":0
221.697  000.003  000.003: sourcing nvim_exec2() called at OptionSet Autocommands for "background":0
221.710  000.003  000.003: sourcing nvim_exec2() called at OptionSet Autocommands for "background":0
221.722  000.003  000.003: sourcing nvim_exec2() called at OptionSet Autocommands for "background":0
221.748  000.017  000.017: sourcing nvim_exec2() called at OptionSet Autocommands for "background":0
222.090  000.012  000.012: sourcing nvim_exec2() called at OptionSet Autocommands for "background":0
222.106  000.007  000.007: sourcing nvim_exec2() called at OptionSet Autocommands for "background":0
222.265  000.008  000.008: sourcing nvim_exec2() called at OptionSet Autocommands for "background":0
222.286  000.004  000.004: sourcing nvim_exec2() called at OptionSet Autocommands for "background":0
222.297  000.004  000.004: sourcing nvim_exec2() called at OptionSet Autocommands for "background":0
222.308  000.003  000.003: sourcing nvim_exec2() called at OptionSet Autocommands for "background":0
222.323  000.004  000.004: sourcing nvim_exec2() called at OptionSet Autocommands for "background":0
222.334  000.003  000.003: sourcing nvim_exec2() called at OptionSet Autocommands for "background":0
222.349  000.004  000.004: sourcing nvim_exec2() called at OptionSet Autocommands for "background":0
222.373  000.004  000.004: sourcing nvim_exec2() called at OptionSet Autocommands for "background":0
222.448  000.004  000.004: sourcing nvim_exec2() called at OptionSet Autocommands for "background":0
222.465  000.003  000.003: sourcing nvim_exec2() called at OptionSet Autocommands for "background":0
222.476  000.003  000.003: sourcing nvim_exec2() called at OptionSet Autocommands for "background":0
222.485  000.003  000.003: sourcing nvim_exec2() called at OptionSet Autocommands for "background":0
222.500  000.004  000.004: sourcing nvim_exec2() called at OptionSet Autocommands for "background":0
222.513  000.003  000.003: sourcing nvim_exec2() called at OptionSet Autocommands for "background":0
222.534  000.004  000.004: sourcing nvim_exec2() called at OptionSet Autocommands for "background":0
222.545  000.003  000.003: sourcing nvim_exec2() called at OptionSet Autocommands for "background":0
222.560  000.003  000.003: sourcing nvim_exec2() called at OptionSet Autocommands for "background":0
222.574  000.003  000.003: sourcing nvim_exec2() called at OptionSet Autocommands for "background":0
222.586  000.003  000.003: sourcing nvim_exec2() called at OptionSet Autocommands for "background":0
222.597  000.003  000.003: sourcing nvim_exec2() called at OptionSet Autocommands for "background":0
222.613  000.004  000.004: sourcing nvim_exec2() called at OptionSet Autocommands for "background":0
222.635  000.012  000.012: sourcing nvim_exec2() called at OptionSet Autocommands for "background":0
222.648  000.004  000.004: sourcing nvim_exec2() called at OptionSet Autocommands for "background":0
222.660  000.006  000.006: sourcing nvim_exec2() called at OptionSet Autocommands for "background":0
222.671  000.006  000.006: sourcing nvim_exec2() called at OptionSet Autocommands for "background":0
222.856  000.019  000.019: sourcing nvim_exec2() called at OptionSet Autocommands for "background":0
222.880  000.009  000.009: sourcing nvim_exec2() called at OptionSet Autocommands for "background":0
222.905  000.019  000.019: sourcing nvim_exec2() called at OptionSet Autocommands for "background":0
222.922  000.010  000.010: sourcing nvim_exec2() called at OptionSet Autocommands for "background":0
222.934  000.007  000.007: sourcing nvim_exec2() called at OptionSet Autocommands for "background":0
223.920  000.050  000.050: sourcing /Users/yano/.local/share/nvim/lazy/plenary.nvim/plugin/plenary.vim
223.928  000.199  000.150: sourcing nvim_exec2() called at VimEnter Autocommands for "*":0
223.941  000.003  000.003: sourcing nvim_exec2() called at VimEnter Autocommands for "*":0
223.967  000.003  000.003: sourcing nvim_exec2() called at VimEnter Autocommands for "*":0
224.231  000.038  000.038: sourcing /Users/yano/.local/share/nvim/lazy/todo-comments.nvim/plugin/todo.vim
224.238  000.172  000.134: sourcing nvim_exec2() called at VimEnter Autocommands for "*":0
224.249  000.003  000.003: sourcing nvim_exec2() called at VimEnter Autocommands for "*":0
224.272  000.002  000.002: sourcing nvim_exec2() called at VimEnter Autocommands for "*":0
226.001  000.321  000.321: require('todo-comments.util')
226.020  000.661  000.341: require('todo-comments.config')
226.661  000.381  000.381: require('todo-comments.highlight')
226.669  000.647  000.266: require('todo-comments.jump')
226.673  002.167  000.858: require('todo-comments')
226.900  000.012  000.012: sourcing nvim_exec2() called at VimEnter Autocommands for "*":0
226.911  000.004  000.004: sourcing nvim_exec2() called at VimEnter Autocommands for "*":0
226.919  000.003  000.003: sourcing nvim_exec2() called at VimEnter Autocommands for "*":0
226.936  000.004  000.004: sourcing nvim_exec2() called at VimEnter Autocommands for "*":0
226.942  000.003  000.003: sourcing nvim_exec2() called at VimEnter Autocommands for "*":0
226.948  000.002  000.002: sourcing nvim_exec2() called at VimEnter Autocommands for "*":0
226.968  000.004  000.004: sourcing nvim_exec2() called at VimEnter Autocommands for "*":0
226.975  000.002  000.002: sourcing nvim_exec2() called at VimEnter Autocommands for "*":0
226.980  000.003  000.003: sourcing nvim_exec2() called at VimEnter Autocommands for "*":0
227.022  000.006  000.006: sourcing nvim_exec2() called at VimEnter Autocommands for "*":0
227.032  000.003  000.003: sourcing nvim_exec2() called at VimEnter Autocommands for "*":0
227.038  000.003  000.003: sourcing nvim_exec2() called at VimEnter Autocommands for "*":0
227.061  000.004  000.004: sourcing nvim_exec2() called at VimEnter Autocommands for "*":0
227.067  000.003  000.003: sourcing nvim_exec2() called at VimEnter Autocommands for "*":0
227.073  000.002  000.002: sourcing nvim_exec2() called at VimEnter Autocommands for "*":0
227.087  000.004  000.004: sourcing nvim_exec2() called at VimEnter Autocommands for "*":0
227.093  000.002  000.002: sourcing nvim_exec2() called at VimEnter Autocommands for "*":0
227.098  000.003  000.003: sourcing nvim_exec2() called at VimEnter Autocommands for "*":0
227.114  000.003  000.003: sourcing nvim_exec2() called at VimEnter Autocommands for "*":0
227.120  000.003  000.003: sourcing nvim_exec2() called at VimEnter Autocommands for "*":0
227.128  000.003  000.003: sourcing nvim_exec2() called at VimEnter Autocommands for "*":0
230.545  000.772  000.772: require('vim.treesitter.language')
230.948  000.358  000.358: require('vim.func')
231.531  000.579  000.579: require('vim.treesitter._range')
232.026  000.448  000.448: require('vim.func._memoize')
232.235  003.374  001.217: require('vim.treesitter.query')
232.397  004.165  000.791: require('vim.treesitter.languagetree')
232.417  004.713  000.548: require('vim.treesitter')
232.455  005.145  000.432: require('vim.treesitter.highlighter')
233.051  000.551  000.551: require('snacks.picker')
234.240  001.182  001.182: require('snacks.picker.config.sources')
234.504  000.259  000.259: require('todo-comments.snacks')
234.613  008.314: VimEnter autocommands
235.378  000.315  000.315: require('snacks.util')
235.416  000.759  000.445: require('snacks.dashboard')
239.241  000.312  000.312: require('snacks.picker.config')
239.742  000.495  000.495: require('snacks.picker.config.highlights')
240.075  000.326  000.326: require('snacks.picker.config.defaults')
240.360  000.280  000.280: require('snacks.picker.config.layouts')
244.196  000.289  000.289: require('vim.ui')
244.263  007.190: UIEnter autocommands
245.020  000.447  000.447: sourcing /usr/local/Cellar/neovim/0.12.0/share/nvim/runtime/autoload/provider/clipboard.vim
245.033  000.323: before starting main loop
247.889  002.856: first screen update
247.892  000.003: --- NVIM STARTED ---

